5:@@ -40,6 +40,7 @@ type mysqlConn struct {
13:@@ -217,7 +218,8 @@ func (mc *mysqlConn) Prepare(query string) (driver.Stmt, error) {
23:@@ -555,11 +557,18 @@ func (mc *mysqlConn) QueryContext(ctx context.Context, query string, args []driv
42:@@ -575,7 +584,14 @@ func (mc *mysqlConn) ExecContext(ctx context.Context, query string, args []drive
58:@@ -608,11 +624,14 @@ func (stmt *mysqlStmt) QueryContext(ctx context.Context, args []driver.NamedValu
73:@@ -628,7 +647,10 @@ func (stmt *mysqlStmt) ExecContext(ctx context.Context, args []driver.NamedValue
85:@@ -726,5 +748,45 @@ func (mc *mysqlConn) IsValid() bool {
135:@@ -77,6 +77,8 @@ type Config struct {
144:@@ -95,6 +97,7 @@ func NewConfig() *Config {
152:@@ -135,6 +138,14 @@ func EnableCompression(yes bool) Option {
167:@@ -231,6 +242,10 @@ func (cfg *Config) normalize() error {
182:@@ -202,8 +202,10 @@ func (mc *mysqlConn) readHandshakePacket() (data []byte, capabilities capability
199:@@ -0,0 +1,407 @@
204:+@@ -40,6 +40,7 @@ type mysqlConn struct {
212:+@@ -217,7 +218,8 @@ func (mc *mysqlConn) Prepare(query string) (driver.Stmt, error) {
222:+@@ -555,11 +557,18 @@ func (mc *mysqlConn) QueryContext(ctx context.Context, query string, args []driv
241:+@@ -575,7 +584,14 @@ func (mc *mysqlConn) ExecContext(ctx context.Context, query string, args []drive
257:+@@ -608,11 +624,14 @@ func (stmt *mysqlStmt) QueryContext(ctx context.Context, args []driver.NamedValu
272:+@@ -628,7 +647,10 @@ func (stmt *mysqlStmt) ExecContext(ctx context.Context, args []driver.NamedValue
284:+@@ -726,5 +748,45 @@ func (mc *mysqlConn) IsValid() bool {
334:+@@ -77,6 +77,8 @@ type Config struct {
343:+@@ -95,6 +97,7 @@ func NewConfig() *Config {
351:+@@ -135,6 +138,14 @@ func EnableCompression(yes bool) Option {
366:+@@ -231,6 +242,10 @@ func (cfg *Config) normalize() error {
381:+@@ -202,8 +202,10 @@ func (mc *mysqlConn) readHandshakePacket() (data []byte, capabilities capability
397:+@@ -19,6 +19,7 @@ import (
410:+@@ -0,0 +1,70 @@
486:+@@ -0,0 +1,120 @@
611:@@ -19,6 +19,7 @@ import (
624:@@ -0,0 +1,70 @@
700:@@ -0,0 +1,120 @@
